[2026-05-18T22:27:50.519476+00:00] logger-app.INFO: >>> Входящий запрос: GET /diary {"query":[],"ip":"::1"} []
[2026-05-18T22:27:50.533987+00:00] logger-app.INFO: <<< Запрос обработан: GET /diary {"status":200,"duration":"18.06ms"} []
[2026-05-19T17:17:18.776322+00:00] logger-app.INFO: >>> Входящий запрос: GET /profile {"query":[],"ip":"::1"} []
[2026-05-19T17:17:19.042346+00:00] logger-app.INFO: <<< Запрос обработан: GET /profile {"status":401,"duration":"326.48ms"} []
[2026-05-19T17:17:22.826252+00:00] logger-app.INFO: >>> Входящий запрос: GET /food {"query":[],"ip":"::1"} []
[2026-05-19T17:17:22.973783+00:00] logger-app.INFO: <<< Запрос обработан: GET /food {"status":200,"duration":"148.12ms"} []
[2026-05-19T17:39:20.005731+00:00] logger-app.INFO: >>> Входящий запрос: POST /api/register {"query":[],"ip":"::1"} []
[2026-05-19T17:39:20.058462+00:00] logger-app.INFO: <<< Запрос обработан: POST /api/register {"status":400,"duration":"63.13ms"} []
[2026-05-19T17:39:45.431999+00:00] logger-app.INFO: >>> Входящий запрос: POST /api/register {"query":[],"ip":"::1"} []
[2026-05-19T17:39:45.437202+00:00] logger-app.INFO: <<< Запрос обработан: POST /api/register {"status":400,"duration":"5.75ms"} []
[2026-05-19T17:39:57.795917+00:00] logger-app.INFO: >>> Входящий запрос: POST /api/register {"query":[],"ip":"::1"} []
[2026-05-19T17:39:57.801043+00:00] logger-app.INFO: <<< Запрос обработан: POST /api/register {"status":400,"duration":"5.91ms"} []
[2026-05-19T17:40:09.602008+00:00] logger-app.INFO: >>> Входящий запрос: POST /api/register {"query":[],"ip":"::1"} []
[2026-05-19T17:40:09.607279+00:00] logger-app.INFO: <<< Запрос обработан: POST /api/register {"status":400,"duration":"5.84ms"} []
[2026-05-19T17:40:20.835291+00:00] logger-app.INFO: >>> Входящий запрос: POST /api/register {"query":[],"ip":"::1"} []
[2026-05-19T17:40:20.842549+00:00] logger-app.INFO: <<< Запрос обработан: POST /api/register {"status":400,"duration":"7.89ms"} []
[2026-05-19T17:40:36.605985+00:00] logger-app.INFO: >>> Входящий запрос: POST /api/register {"query":[],"ip":"::1"} []
[2026-05-19T17:40:37.027261+00:00] logger-app.ERROR: Ошибка с запросом create {"exception":"SQLSTATE[23505]: Unique violation: 7 ОШИБКА:  повторяющееся значение ключа нарушает ограничение уникальности \"users_pkey\"\nDETAIL:  Ключ \"(id)=(1)\" уже существует."} []
[2026-05-19T17:40:37.029723+00:00] logger-app.INFO: <<< Запрос обработан: POST /api/register {"status":400,"duration":"424.31ms"} []
[2026-05-19T17:40:51.754150+00:00] logger-app.INFO: >>> Входящий запрос: POST /api/register {"query":[],"ip":"::1"} []
[2026-05-19T17:40:52.006641+00:00] logger-app.ERROR: Ошибка с запросом create {"exception":"SQLSTATE[23505]: Unique violation: 7 ОШИБКА:  повторяющееся значение ключа нарушает ограничение уникальности \"users_pkey\"\nDETAIL:  Ключ \"(id)=(2)\" уже существует."} []
[2026-05-19T17:40:52.009021+00:00] logger-app.INFO: <<< Запрос обработан: POST /api/register {"status":400,"duration":"255.8ms"} []
[2026-05-19T17:51:06.076284+00:00] logger-app.INFO: >>> Входящий запрос: POST /api/register {"query":[],"ip":"::1"} []
[2026-05-19T17:51:06.415268+00:00] logger-app.INFO: <<< Запрос обработан: POST /api/register {"status":201,"duration":"342.79ms"} []
[2026-05-19T17:52:01.477582+00:00] logger-app.INFO: >>> Входящий запрос: POST /api/login {"query":[],"ip":"::1"} []
[2026-05-19T17:52:01.765465+00:00] logger-app.INFO: <<< Запрос обработан: POST /api/login {"status":200,"duration":"291.12ms"} []
[2026-05-19T17:52:32.964907+00:00] logger-app.INFO: >>> Входящий запрос: GET /profile {"query":[],"ip":"::1"} []
[2026-05-19T17:52:32.977268+00:00] logger-app.INFO: <<< Запрос обработан: GET /profile {"status":401,"duration":"13.89ms"} []
[2026-05-19T17:53:07.040879+00:00] logger-app.INFO: >>> Входящий запрос: GET /profile {"query":[],"ip":"::1"} []
[2026-05-19T17:53:07.053599+00:00] logger-app.INFO: <<< Запрос обработан: GET /profile {"status":401,"duration":"14.86ms"} []
[2026-05-19T17:53:33.147555+00:00] logger-app.INFO: >>> Входящий запрос: GET /profile {"query":[],"ip":"::1"} []
[2026-05-19T17:53:33.154461+00:00] logger-app.INFO: <<< Запрос обработан: GET /profile {"status":401,"duration":"8.42ms"} []
[2026-05-19T17:53:43.634240+00:00] logger-app.INFO: >>> Входящий запрос: GET /profile {"query":[],"ip":"::1"} []
[2026-05-19T17:53:43.638464+00:00] logger-app.INFO: <<< Запрос обработан: GET /profile {"status":401,"duration":"4.82ms"} []
[2026-05-19T17:58:13.568913+00:00] logger-app.INFO: >>> Входящий запрос: GET /profile {"query":[],"ip":"::1"} []
[2026-05-19T17:58:13.618596+00:00] logger-app.INFO: <<< Запрос обработан: GET /profile {"status":200,"duration":"51.26ms"} []
[2026-05-19T18:38:41.129110+00:00] logger-app.INFO: >>> Входящий запрос: GET /diary {"query":{"date":"2026-05-19"},"ip":"::1"} []
[2026-05-19T18:38:41.253612+00:00] logger-app.ERROR: Ошибка DiaryService::getDiaryForDate {"exception":"SQLSTATE[42703]: Undefined column: 7 ОШИБКА:  столбец m.meal_type не существует\nLINE 6:                 m.meal_type,\n                        ^"} []
[2026-05-19T18:38:41.266290+00:00] logger-app.INFO: <<< Запрос обработан: GET /diary {"status":400,"duration":"141.72ms"} []
[2026-05-19T18:38:57.578655+00:00] logger-app.INFO: >>> Входящий запрос: POST /api/login {"query":[],"ip":"::1"} []
[2026-05-19T18:38:57.842663+00:00] logger-app.INFO: <<< Запрос обработан: POST /api/login {"status":200,"duration":"267.74ms"} []
[2026-05-19T18:39:43.208187+00:00] logger-app.INFO: >>> Входящий запрос: GET /diary {"query":{"date":"2026-05-19"},"ip":"::1"} []
[2026-05-19T18:39:43.290272+00:00] logger-app.ERROR: Ошибка DiaryService::getDiaryForDate {"exception":"SQLSTATE[42703]: Undefined column: 7 ОШИБКА:  столбец m.meal_type не существует\nLINE 6:                 m.meal_type,\n                        ^"} []
[2026-05-19T18:39:43.295332+00:00] logger-app.INFO: <<< Запрос обработан: GET /diary {"status":400,"duration":"91.36ms"} []
[2026-05-19T18:43:45.076702+00:00] logger-app.INFO: >>> Входящий запрос: GET /diary {"query":{"date":"2026-05-19"},"ip":"::1"} []
[2026-05-19T18:43:45.153781+00:00] logger-app.ERROR: Ошибка DiaryService::getDiaryForDate {"exception":"SQLSTATE[42703]: Undefined column: 7 ОШИБКА:  столбец m.meal_type не существует\nLINE 6:                 m.meal_type,\n                        ^"} []
[2026-05-19T18:43:45.160190+00:00] logger-app.INFO: <<< Запрос обработан: GET /diary {"status":400,"duration":"89.57ms"} []
[2026-05-19T18:45:30.102652+00:00] logger-app.INFO: >>> Входящий запрос: GET /diary {"query":{"date":"2026-05-19"},"ip":"::1"} []
[2026-05-19T18:45:30.151923+00:00] logger-app.INFO: <<< Запрос обработан: GET /diary {"status":200,"duration":"56.25ms"} []
[2026-05-19T20:22:19.183039+00:00] logger-app.INFO: >>> Входящий запрос: GET /profile/recalculate {"query":[],"ip":"::1"} []
[2026-05-19T20:22:19.363972+00:00] logger-app.INFO: <<< Запрос обработан: GET /profile/recalculate {"status":401,"duration":"244.28ms"} []
[2026-05-19T20:23:30.242075+00:00] logger-app.INFO: >>> Входящий запрос: POST /api/login {"query":[],"ip":"::1"} []
[2026-05-19T20:23:30.636985+00:00] logger-app.INFO: <<< Запрос обработан: POST /api/login {"status":200,"duration":"396.41ms"} []
[2026-05-19T20:23:54.931791+00:00] logger-app.INFO: >>> Входящий запрос: POST /profile/recalculate {"query":[],"ip":"::1"} []
[2026-05-19T20:23:54.942028+00:00] logger-app.INFO: <<< Запрос обработан: POST /profile/recalculate {"status":401,"duration":"12.46ms"} []
[2026-05-19T20:24:04.407334+00:00] logger-app.INFO: >>> Входящий запрос: POST /profile/recalculate {"query":[],"ip":"::1"} []
[2026-05-19T20:24:04.464699+00:00] logger-app.INFO: <<< Запрос обработан: POST /profile/recalculate {"status":400,"duration":"59.86ms"} []
[2026-05-19T20:24:14.554728+00:00] logger-app.INFO: >>> Входящий запрос: POST /profile/recalculate {"query":[],"ip":"::1"} []
[2026-05-19T20:24:14.653456+00:00] logger-app.ERROR: Ошибка StatisticsRepository::saveUserParameters {"exception":"SQLSTATE[22003]: Numeric value out of range: 7 ОШИБКА:  переполнение поля numeric\nDETAIL:  Поле с точностью 3, порядком 2 должно округляться до абсолютного значения меньше чем 10^1."} []
[2026-05-19T20:24:14.657261+00:00] logger-app.INFO: <<< Запрос обработан: POST /profile/recalculate {"status":400,"duration":"103.19ms"} []
[2026-05-19T20:44:52.429267+00:00] logger-app.INFO: >>> Входящий запрос: POST /profile/recalculate {"query":[],"ip":"::1"} []
[2026-05-19T20:44:52.575949+00:00] logger-app.ERROR: Ошибка StatisticsRepository::saveUserParameters {"exception":"SQLSTATE[22003]: Numeric value out of range: 7 ОШИБКА:  переполнение поля numeric\nDETAIL:  Поле с точностью 3, порядком 2 должно округляться до абсолютного значения меньше чем 10^1."} []
[2026-05-19T20:44:52.585151+00:00] logger-app.INFO: <<< Запрос обработан: POST /profile/recalculate {"status":400,"duration":"161.18ms"} []
[2026-05-19T20:48:15.053094+00:00] logger-app.INFO: >>> Входящий запрос: POST /profile/recalculate {"query":[],"ip":"::1"} []
[2026-05-19T20:48:15.232074+00:00] logger-app.INFO: <<< Запрос обработан: POST /profile/recalculate {"status":200,"duration":"182.49ms"} []
[2026-05-19T20:55:46.982343+00:00] logger-app.INFO: >>> Входящий запрос: GET /profile {"query":[],"ip":"::1"} []
[2026-05-19T20:55:47.077543+00:00] logger-app.INFO: <<< Запрос обработан: GET /profile {"status":200,"duration":"101.23ms"} []
[2026-05-20T20:53:39.944427+00:00] logger-app.INFO: >>> Входящий запрос: POST /api/login {"query":[],"ip":"::1"} []
[2026-05-20T20:53:40.380376+00:00] logger-app.INFO: <<< Запрос обработан: POST /api/login {"status":400,"duration":"523.28ms"} []
[2026-05-20T20:53:47.929653+00:00] logger-app.INFO: >>> Входящий запрос: POST /api/login {"query":[],"ip":"::1"} []
[2026-05-20T20:53:48.227559+00:00] logger-app.INFO: <<< Запрос обработан: POST /api/login {"status":200,"duration":"298.5ms"} []
[2026-05-20T20:54:26.077384+00:00] logger-app.INFO: >>> Входящий запрос: POST /food/add {"query":[],"ip":"::1"} []
[2026-05-20T20:54:26.443867+00:00] logger-app.INFO: <<< Запрос обработан: POST /food/add {"status":201,"duration":"367.37ms"} []
[2026-05-20T20:54:39.887973+00:00] logger-app.INFO: >>> Входящий запрос: POST /food/add {"query":[],"ip":"::1"} []
[2026-05-20T20:54:39.911146+00:00] logger-app.INFO: <<< Запрос обработан: POST /food/add {"status":201,"duration":"23.69ms"} []
[2026-05-20T20:54:52.264911+00:00] logger-app.INFO: >>> Входящий запрос: GET /food/custom {"query":[],"ip":"::1"} []
[2026-05-20T20:54:52.283854+00:00] logger-app.INFO: <<< Запрос обработан: GET /food/custom {"status":200,"duration":"19.65ms"} []
[2026-05-20T20:55:34.117997+00:00] logger-app.INFO: >>> Входящий запрос: GET /food/custom/2 {"query":[],"ip":"::1"} []
[2026-05-20T20:55:34.138742+00:00] logger-app.INFO: <<< Запрос обработан: GET /food/custom/2 {"status":200,"duration":"21.54ms"} []
[2026-05-20T20:56:02.962206+00:00] logger-app.INFO: >>> Входящий запрос: POST /food/custom/2 {"query":[],"ip":"::1"} []
[2026-05-20T20:56:03.048668+00:00] logger-app.INFO: <<< Запрос обработан: POST /food/custom/2 {"status":200,"duration":"88.56ms"} []
[2026-05-20T20:56:27.138474+00:00] logger-app.INFO: >>> Входящий запрос: DELETE /food/custom/2 {"query":[],"ip":"::1"} []
[2026-05-20T20:56:27.174426+00:00] logger-app.INFO: <<< Запрос обработан: DELETE /food/custom/2 {"status":200,"duration":"36.84ms"} []
[2026-05-20T20:56:51.662354+00:00] logger-app.INFO: >>> Входящий запрос: GET /food/custom {"query":[],"ip":"::1"} []
[2026-05-20T20:56:51.693173+00:00] logger-app.INFO: <<< Запрос обработан: GET /food/custom {"status":200,"duration":"32.02ms"} []
[2026-05-20T20:57:26.151003+00:00] logger-app.INFO: >>> Входящий запрос: POST /profile/recalculate {"query":[],"ip":"::1"} []
[2026-05-20T20:57:26.405725+00:00] logger-app.INFO: <<< Запрос обработан: POST /profile/recalculate {"status":200,"duration":"256.64ms"} []
[2026-05-20T20:57:34.616071+00:00] logger-app.INFO: >>> Входящий запрос: POST /profile/recalculate {"query":[],"ip":"::1"} []
[2026-05-20T20:57:34.656618+00:00] logger-app.INFO: <<< Запрос обработан: POST /profile/recalculate {"status":200,"duration":"42.09ms"} []
[2026-05-20T20:58:32.266532+00:00] logger-app.INFO: >>> Входящий запрос: POST /profile/recalculate {"query":[],"ip":"::1"} []
[2026-05-20T20:58:32.357250+00:00] logger-app.INFO: <<< Запрос обработан: POST /profile/recalculate {"status":200,"duration":"93.9ms"} []
[2026-05-20T20:59:45.843270+00:00] logger-app.INFO: >>> Входящий запрос: POST /food/add {"query":[],"ip":"::1"} []
[2026-05-20T20:59:45.876493+00:00] logger-app.INFO: <<< Запрос обработан: POST /food/add {"status":201,"duration":"33.8ms"} []
[2026-05-20T21:00:08.266995+00:00] logger-app.INFO: >>> Входящий запрос: POST /food/3 {"query":[],"ip":"::1"} []
[2026-05-20T21:00:08.274725+00:00] logger-app.INFO: <<< Запрос обработан: POST /food/3 {"status":400,"duration":"8.28ms"} []
[2026-05-20T21:00:18.475886+00:00] logger-app.INFO: >>> Входящий запрос: POST /food/3 {"query":[],"ip":"::1"} []
[2026-05-20T21:00:18.708044+00:00] logger-app.INFO: <<< Запрос обработан: POST /food/3 {"status":201,"duration":"233.74ms"} []
[2026-05-20T21:01:11.208545+00:00] logger-app.INFO: >>> Входящий запрос: GET /diary {"query":{"date":"2026-05-19"},"ip":"::1"} []
[2026-05-20T21:01:11.305245+00:00] logger-app.INFO: <<< Запрос обработан: GET /diary {"status":200,"duration":"100.41ms"} []
[2026-05-20T21:01:32.489016+00:00] logger-app.INFO: >>> Входящий запрос: GET /diary {"query":[],"ip":"::1"} []
[2026-05-20T21:01:32.507912+00:00] logger-app.INFO: <<< Запрос обработан: GET /diary {"status":200,"duration":"19.41ms"} []
[2026-05-20T21:01:38.139981+00:00] logger-app.INFO: >>> Входящий запрос: GET /diary {"query":{"date":"2026-05-19"},"ip":"::1"} []
[2026-05-20T21:01:38.155439+00:00] logger-app.INFO: <<< Запрос обработан: GET /diary {"status":200,"duration":"16.03ms"} []
